# /etc/containerd/certs.d/docker.io/hosts.toml
server = "https://registry-1.docker.io"

[host."https://registry-1.docker.io"]
capabilities = ["pull", "resolve"]
---
# /etc/containerd/certs.d/insecure.example.com/hosts.toml
server = "https://insecure.example.com"

[host."https://mirror.insecure.example.com"]
capabilities = ["pull", "resolve"]
skip_verify = true
