# /etc/containerd/certs.d/docker.io/hosts.toml
server = "https://registry-1.docker.io"

[host."https://registry-1.docker.io"]
capabilities = ["pull", "resolve"]
---
# /etc/containerd/certs.d/gitlab.com/hosts.toml
server = "gitlab.com"

[host."https://mirror.gitlab.com/project/repo"]
capabilities = ["pull", "resolve"]
override_path = true
